markdownlint-cli2 v0.23.2 (markdownlint v0.41.1)
Finding: **/*.md
Linting: 29 files
Summary: 43 issues in 28 files
index.md:32 error MD012/no-multiple-blanks Multiple consecutive blank lines [Expected: 1; Actual: 2]
第00讲.md:52 error MD012/no-multiple-blanks Multiple consecutive blank lines [Expected: 1; Actual: 2]
第01讲.md:232 error MD012/no-multiple-blanks Multiple consecutive blank lines [Expected: 1; Actual: 2]
第02讲.md:21:1 error MD045/no-alt-text Images should have alternate text (alt text)
第03讲.md:220 error MD012/no-multiple-blanks Multiple consecutive blank lines [Expected: 1; Actual: 2]
第04讲.md:358 error MD012/no-multiple-blanks Multiple consecutive blank lines [Expected: 1; Actual: 2]
第05讲.md:262 error MD012/no-multiple-blanks Multiple consecutive blank lines [Expected: 1; Actual: 2]
第06讲.md:134 error MD012/no-multiple-blanks Multiple consecutive blank lines [Expected: 1; Actual: 2]
第07讲.md:183 error MD012/no-multiple-blanks Multiple consecutive blank lines [Expected: 1; Actual: 2]
第08讲.md:216 error MD012/no-multiple-blanks Multiple consecutive blank lines [Expected: 1; Actual: 2]
第09讲.md:230 error MD046/code-block-style Code block style [Expected: fenced; Actual: indented]
第09讲.md:236 error MD046/code-block-style Code block style [Expected: fenced; Actual: indented]
第09讲.md:242 error MD046/code-block-style Code block style [Expected: fenced; Actual: indented]
第09讲.md:274 error MD046/code-block-style Code block style [Expected: fenced; Actual: indented]
第09讲.md:280 error MD046/code-block-style Code block style [Expected: fenced; Actual: indented]
第09讲.md:286 error MD046/code-block-style Code block style [Expected: fenced; Actual: indented]
第09讲.md:329 error MD022/blanks-around-headings Headings should be surrounded by blank lines [Expected: 1; Actual: 0; Above] [Context: "### 总结"]
第09讲.md:329 error MD022/blanks-around-headings Headings should be surrounded by blank lines [Expected: 1; Actual: 0; Below] [Context: "### 总结"]
第09讲.md:331:1 error MD030/list-marker-space Spaces after list markers [Expected: 1; Actual: 3]
第09讲.md:331 error MD032/blanks-around-lists Lists should be surrounded by blank lines [Context: "*   索引组织表主键是聚集索引，索引的叶子节点存放表中一整..."]
第09讲.md:332:1 error MD030/list-marker-space Spaces after list markers [Expected: 1; Actual: 3]
第09讲.md:333:1 error MD030/list-marker-space Spaces after list markers [Expected: 1; Actual: 3]
第09讲.md:334:1 error MD030/list-marker-space Spaces after list markers [Expected: 1; Actual: 3]
第09讲.md:335:1 error MD030/list-marker-space Spaces after list markers [Expected: 1; Actual: 3]
第09讲.md:336:1 error MD030/list-marker-space Spaces after list markers [Expected: 1; Actual: 3]
第09讲.md:337:1 error MD030/list-marker-space Spaces after list markers [Expected: 1; Actual: 3]
第10讲.md:352 error MD012/no-multiple-blanks Multiple consecutive blank lines [Expected: 1; Actual: 2]
第11讲.md:334 error MD012/no-multiple-blanks Multiple consecutive blank lines [Expected: 1; Actual: 2]
第12讲.md:262 error MD012/no-multiple-blanks Multiple consecutive blank lines [Expected: 1; Actual: 2]
第13讲.md:184 error MD012/no-multiple-blanks Multiple consecutive blank lines [Expected: 1; Actual: 2]
第15讲.md:179 error MD012/no-multiple-blanks Multiple consecutive blank lines [Expected: 1; Actual: 2]
第16讲.md:150 error MD012/no-multiple-blanks Multiple consecutive blank lines [Expected: 1; Actual: 2]
第17讲.md:151 error MD012/no-multiple-blanks Multiple consecutive blank lines [Expected: 1; Actual: 2]
第18讲.md:118 error MD012/no-multiple-blanks Multiple consecutive blank lines [Expected: 1; Actual: 2]
第19讲.md:109 error MD012/no-multiple-blanks Multiple consecutive blank lines [Expected: 1; Actual: 2]
第20讲.md:157 error MD012/no-multiple-blanks Multiple consecutive blank lines [Expected: 1; Actual: 2]
第21讲.md:218 error MD012/no-multiple-blanks Multiple consecutive blank lines [Expected: 1; Actual: 2]
第22讲.md:83 error MD012/no-multiple-blanks Multiple consecutive blank lines [Expected: 1; Actual: 2]
第23讲.md:180 error MD012/no-multiple-blanks Multiple consecutive blank lines [Expected: 1; Actual: 2]
第24讲.md:156 error MD012/no-multiple-blanks Multiple consecutive blank lines [Expected: 1; Actual: 2]
第25讲.md:102 error MD012/no-multiple-blanks Multiple consecutive blank lines [Expected: 1; Actual: 2]
第26讲.md:77 error MD012/no-multiple-blanks Multiple consecutive blank lines [Expected: 1; Actual: 2]
第27讲.md:113 error MD012/no-multiple-blanks Multiple consecutive blank lines [Expected: 1; Actual: 2]
